// Vitest Snapshot v1, https://vitest.dev/guide/snapshot.html

exports[`FatigueDashboardPresentation - 集約トグルボタン削除 (RED Phase) > TC-101-007: UI変更の確認 > トグル削除後のUIスナップショット > dashboard-without-aggregation-toggle 1`] = `
<div
  class="min-h-screen bg-gray-50 p-4"
>
  <div
    class="w-full max-w-none"
  >
    <div
      class="flex justify-between items-center mb-6"
    >
      <h1
        class="text-3xl font-bold text-gray-900"
      >
        Simple Ad Fatigue Dashboard
      </h1>
    </div>
    <div
      class="bg-yellow-50 border border-yellow-200 rounded-lg p-4"
    >
      <p
        class="text-yellow-800"
      >
        No Meta accounts connected.
      </p>
      <a
        class="text-yellow-600 underline"
        href="/meta-api-setup"
      >
        Connect an account
      </a>
    </div>
    <div
      class="bg-gray-50 rounded-lg p-8 text-center text-gray-500"
    >
      Please select an account to view fatigue data
    </div>
  </div>
</div>
`;
